
Allocating common symbols
Common symbol       size              file

netbufpool          0x4               binaries/net.o
readylist           0x2               binaries/ready.o
rfltab              0x5a0             binaries/rflinit.o
netportseed         0x8               binaries/net.o
sleepq              0x2               binaries/clkinit.o
nnames              0x4               binaries/naminit.o
udptab              0x168             binaries/udp.o
minheap             0x4               binaries/meminit.o
marks               0x50              binaries/mark.o
currpid             0x4               binaries/initialize.o
Lf_data             0x20c             binaries/lfsinit.o
porttab             0x2d0             binaries/ptinit.o
girmask             0x2               binaries/evec.o
ttytab              0x110             binaries/ttyinit.o
proctab             0x1770            binaries/initialize.o
prcount             0x4               binaries/initialize.o
lfltab              0xf00             binaries/lflinit.o
rdstab              0x7c              binaries/rdsinit.o
ethertab            0x130             binaries/ethinit.o
NetData             0xb0              binaries/net.o
nmarks              0x4               binaries/mark.o
initsp              0x4               binaries/i386.o
Defer               0x8               binaries/resched.o
semtab              0x4b0             binaries/initialize.o
maxheap             0x4               binaries/meminit.o
preempt             0x4               binaries/clkinit.o
buftab              0xf0              binaries/bufinit.o
Rf_data             0x18              binaries/rfsinit.o
mkmutex             0x4               binaries/mark.o
clktime             0x4               binaries/clkinit.o
arpcache            0x140             binaries/arp.o
icmptab             0x230             binaries/icmp.o
nbpools             0x4               binaries/bufinit.o
queuetab            0x980             binaries/queue.o
ptnextid            0x4               binaries/ptinit.o
Ram                 0x19000           binaries/raminit.o
ipoqueue            0x2c              binaries/ip.o
memlist             0x8               binaries/initialize.o
nametab             0x5200            binaries/naminit.o
ptfree              0x4               binaries/ptinit.o

Memory Configuration

Name             Origin             Length             Attributes
*default*        0x0000000000000000 0xffffffffffffffff

Linker script and memory map

                0x0000000000100000                physbase = 0x100000
                0x0000000000100000                . = physbase
                0x0000000000100000                . = ALIGN (0x1000)

.text           0x0000000000100000    0x1c000
                0x0000000000100000                text = ABSOLUTE (.)
 *(.text .text.*)
 .text          0x0000000000100000      0x165 binaries/start.o
                0x0000000000100020                entry
                0x000000000010003d                start
                0x00000000001000a5                inb
                0x00000000001000ad                inw
                0x00000000001000b6                inl
                0x00000000001000be                outb
                0x00000000001000c8                outw
                0x00000000001000d3                outl
                0x00000000001000dd                _rtcin
                0x00000000001000e8                ___udivsi3
                0x00000000001000f3                ___divsi3
                0x00000000001000ff                sbzero
                0x000000000010010f                bcopy
                0x0000000000100123                insw
                0x0000000000100139                outsw
                0x000000000010014f                lidt
                0x0000000000100157                jumptocode
                0x000000000010015e                jumptobootcode
 .text          0x0000000000100165      0x405 binaries/ascdate.o
                0x0000000000100165                ascdate
 .text          0x000000000010056a       0x14 binaries/bufinit.o
                0x000000000010056a                bufinit
 .text          0x000000000010057e       0x89 binaries/chprio.o
                0x000000000010057e                chprio
 .text          0x0000000000100607       0x96 binaries/clkhandler.o
                0x0000000000100607                clkhandler
 .text          0x000000000010069d       0x89 binaries/clkinit.o
                0x000000000010069d                clkinit
 .text          0x0000000000100726       0x6a binaries/close.o
                0x0000000000100726                close
 .text          0x0000000000100790        0x0 binaries/conf.o
 .text          0x0000000000100790       0x7f binaries/control.o
                0x0000000000100790                control
 .text          0x000000000010080f      0x30b binaries/create.o
                0x000000000010080f                create
                0x0000000000100aac                newpid
 .text          0x0000000000100b1a      0x363 binaries/evec.o
                0x0000000000100b1a                initevec
                0x0000000000100b70                set_evec
                0x0000000000100c12                trap
 .text          0x0000000000100e7d       0x15 binaries/exit.o
                0x0000000000100e7d                exit
 .text          0x0000000000100e92      0x2db binaries/fork.o
                0x0000000000100e92                fork
 .text          0x000000000010116d       0x82 binaries/freebuf.o
                0x000000000010116d                freebuf
 .text          0x00000000001011ef      0x167 binaries/freemem.o
                0x00000000001011ef                freemem
 .text          0x0000000000101356       0x80 binaries/getbuf.o
                0x0000000000101356                getbuf
 .text          0x00000000001013d6       0x6a binaries/getc.o
                0x00000000001013d6                getc
 .text          0x0000000000101440       0x72 binaries/getdev.o
                0x0000000000101440                getdev
 .text          0x00000000001014b2       0xc8 binaries/getitem.o
                0x00000000001014b2                getfirst
                0x00000000001014f3                getlast
                0x0000000000101536                getitem
 .text          0x000000000010157a       0xfb binaries/getmem.o
                0x000000000010157a                getmem
 .text          0x0000000000101675        0xa binaries/getpid.o
                0x0000000000101675                getpid
 .text          0x000000000010167f       0x71 binaries/getprio.o
                0x000000000010167f                getprio
 .text          0x00000000001016f0       0xf2 binaries/getstk.o
                0x00000000001016f0                getstk
 .text          0x00000000001017e2       0x16 binaries/getticks.o
                0x00000000001017e2                getticks
 .text          0x00000000001017f8       0x36 binaries/gettime.o
                0x00000000001017f8                gettime
 .text          0x000000000010182e      0x1f5 binaries/getutime.o
                0x000000000010182e                getutime
 .text          0x0000000000101a23      0x409 binaries/i386.o
                0x0000000000101a23                setsegs
                0x0000000000101b3a                init8259
                0x0000000000101c0f                pseg
                0x0000000000101dd2                setirmask
 .text          0x0000000000101e2c       0x6a binaries/init.o
                0x0000000000101e2c                init
 .text          0x0000000000101e96      0x3f2 binaries/initialize.o
                0x0000000000101e96                nulluser
                0x0000000000102233                stop
                0x000000000010225a                delay
 .text          0x0000000000102288       0xdb binaries/insert.o
                0x0000000000102288                insert
 .text          0x0000000000102363      0x10d binaries/insertd.o
                0x0000000000102363                insertd
 .text          0x0000000000102470        0xa binaries/ioerr.o
                0x0000000000102470                ioerr
 .text          0x000000000010247a        0xa binaries/ionull.o
                0x000000000010247a                ionull
 .text          0x0000000000102484      0x1ec binaries/kill.o
                0x0000000000102484                kill
 .text          0x0000000000102670      0x17b binaries/kprintf.o
                0x0000000000102670                kputc
                0x0000000000102719                kgetc
                0x00000000001027be                kprintf
 .text          0x00000000001027eb       0xe7 binaries/main.o
                0x00000000001027eb                main
 .text          0x00000000001028d2       0xac binaries/mark.o
                0x00000000001028d2                markinit
                0x00000000001028f5                mark
 .text          0x000000000010297e       0xca binaries/meminit.o
                0x000000000010297e                meminit
 .text          0x0000000000102a48      0x15f binaries/mkbufpool.o
                0x0000000000102a48                mkbufpool
 .text          0x0000000000102ba7       0x94 binaries/newqueue.o
                0x0000000000102ba7                newqueue
 .text          0x0000000000102c3b       0x78 binaries/open.o
                0x0000000000102c3b                open
 .text          0x0000000000102cb3       0x20 binaries/panic.o
                0x0000000000102cb3                panic
 .text          0x0000000000102cd3      0x498 binaries/pci.o
                0x0000000000102cd3                pci_init
                0x0000000000102f9f                find_pci_device
                0x0000000000102fed                pci_bios_read_config_byte
                0x000000000010302c                pci_bios_read_config_word
                0x000000000010306e                pci_bios_read_config_dword
                0x00000000001030ad                pci_bios_write_config_byte
                0x00000000001030ee                pci_bios_write_config_word
                0x0000000000103130                pci_bios_write_config_dword
 .text          0x000000000010316b       0xe6 binaries/ptclear.o
                0x000000000010316b                _ptclear
 .text          0x0000000000103251       0x8f binaries/ptcount.o
                0x0000000000103251                ptcount
 .text          0x00000000001032e0      0x105 binaries/ptcreate.o
                0x00000000001032e0                ptcreate
 .text          0x00000000001033e5       0x80 binaries/ptdelete.o
                0x00000000001033e5                ptdelete
 .text          0x0000000000103465       0xb7 binaries/ptinit.o
                0x0000000000103465                ptinit
 .text          0x000000000010351c      0x10a binaries/ptrecv.o
                0x000000000010351c                ptrecv
 .text          0x0000000000103626       0x78 binaries/ptreset.o
                0x0000000000103626                ptreset
 .text          0x000000000010369e      0x128 binaries/ptsend.o
                0x000000000010369e                ptsend
 .text          0x00000000001037c6       0x78 binaries/putc.o
                0x00000000001037c6                putc
 .text          0x000000000010383e      0x10a binaries/queue.o
                0x000000000010383e                enqueue
                0x00000000001038df                dequeue
 .text          0x0000000000103948       0x78 binaries/read.o
                0x0000000000103948                read
 .text          0x00000000001039c0       0x7d binaries/ready.o
                0x00000000001039c0                ready
 .text          0x0000000000103a3d       0x5d binaries/receive.o
                0x0000000000103a3d                receive
 .text          0x0000000000103a9a       0x59 binaries/recvclr.o
                0x0000000000103a9a                recvclr
 .text          0x0000000000103af3       0xb8 binaries/recvtime.o
                0x0000000000103af3                recvtime
 .text          0x0000000000103bab      0x165 binaries/resched.o
                0x0000000000103bab                resched
                0x0000000000103c9b                resched_cntl
 .text          0x0000000000103d10       0xa0 binaries/resume.o
                0x0000000000103d10                resume
 .text          0x0000000000103db0       0x71 binaries/seek.o
                0x0000000000103db0                seek
 .text          0x0000000000103e21       0x69 binaries/semcount.o
                0x0000000000103e21                semcount
 .text          0x0000000000103e8a       0xcf binaries/semcreate.o
                0x0000000000103e8a                semcreate
 .text          0x0000000000103f59       0xba binaries/semdelete.o
                0x0000000000103f59                semdelete
 .text          0x0000000000104013       0xbc binaries/semreset.o
                0x0000000000104013                semreset
 .text          0x00000000001040cf       0xd6 binaries/send.o
                0x00000000001040cf                send
 .text          0x00000000001041a5       0x97 binaries/signal.o
                0x00000000001041a5                signal
 .text          0x000000000010423c       0xc3 binaries/signaln.o
                0x000000000010423c                signaln
 .text          0x00000000001042ff       0xe3 binaries/sleep.o
                0x00000000001042ff                sleep
                0x0000000000104349                sleepms
 .text          0x00000000001043e2      0x1ad binaries/stacktrace.o
                0x00000000001043e2                stacktrace
 .text          0x000000000010458f       0xd6 binaries/suspend.o
                0x000000000010458f                suspend
 .text          0x0000000000104665       0xd8 binaries/unsleep.o
                0x0000000000104665                unsleep
 .text          0x000000000010473d       0x15 binaries/userret.o
                0x000000000010473d                userret
 .text          0x0000000000104752       0xd1 binaries/wait.o
                0x0000000000104752                wait
 .text          0x0000000000104823       0x68 binaries/wakeup.o
                0x0000000000104823                wakeup
 .text          0x000000000010488b       0x78 binaries/write.o
                0x000000000010488b                write
 .text          0x0000000000104903       0x19 binaries/xdone.o
                0x0000000000104903                xdone
 .text          0x000000000010491c       0x25 binaries/yield.o
                0x000000000010491c                yield
 .text          0x0000000000104941       0x11 binaries/abs.o
                0x0000000000104941                abs
 .text          0x0000000000104952       0x8f binaries/atoi.o
                0x0000000000104952                atoi
 .text          0x00000000001049e1       0x8f binaries/atol.o
                0x00000000001049e1                atol
 .text          0x0000000000104a70       0x31 binaries/bzero.o
                0x0000000000104a70                bzero
 .text          0x0000000000104aa1        0x0 binaries/ctype_.o
 .text          0x0000000000104aa1      0x8f8 binaries/doprnt.o
                0x0000000000104aa1                _doprnt
 .text          0x0000000000105399      0x6a2 binaries/doscan.o
                0x0000000000105399                _doscan
 .text          0x0000000000105a3b      0x723 binaries/fdoprnt.o
                0x0000000000105a3b                _fdoprnt
 .text          0x000000000010615e       0x26 binaries/fgetc.o
                0x000000000010615e                fgetc
 .text          0x0000000000106184       0x72 binaries/fgets.o
                0x0000000000106184                fgets
 .text          0x00000000001061f6       0x34 binaries/fprintf.o
                0x00000000001061f6                fprintf
 .text          0x000000000010622a       0x2c binaries/fputc.o
                0x000000000010622a                fputc
 .text          0x0000000000106256       0x43 binaries/fputs.o
                0x0000000000106256                fputs
 .text          0x0000000000106299       0x92 binaries/fscanf.o
                0x0000000000106299                fscanf
 .text          0x000000000010632b       0x2a binaries/getchar.o
                0x000000000010632b                getchar
 .text          0x0000000000106355       0x11 binaries/labs.o
                0x0000000000106355                labs
 .text          0x0000000000106366       0x51 binaries/memcmp.o
                0x0000000000106366                memcmp
 .text          0x00000000001063b7       0x3f binaries/memcpy.o
                0x00000000001063b7                memcpy
 .text          0x00000000001063f6       0x30 binaries/memset.o
                0x00000000001063f6                memset
 .text          0x0000000000106426       0x4d binaries/printf.o
                0x0000000000106426                printf
 .text          0x0000000000106473       0x31 binaries/putchar.o
                0x0000000000106473                putchar
 .text          0x00000000001064a4      0x28c binaries/qsort.o
                0x00000000001064a4                qsort
 .text          0x0000000000106730       0x5f binaries/rand.o
                0x0000000000106730                rand
                0x0000000000106744                rand_r
                0x0000000000106782                srand
 .text          0x000000000010678f       0x6f binaries/sprintf.o
                0x000000000010678f                sprintf
 .text          0x00000000001067fe       0x7f binaries/sscanf.o
                0x00000000001067fe                sscanf
 .text          0x000000000010687d       0x3c binaries/strchr.o
                0x000000000010687d                strchr
 .text          0x00000000001068b9       0x45 binaries/strcmp.o
                0x00000000001068b9                strcmp
 .text          0x00000000001068fe       0x27 binaries/strcpy.o
                0x00000000001068fe                strcpy
 .text          0x0000000000106925       0x26 binaries/strlen.o
                0x0000000000106925                strlen
 .text          0x000000000010694b       0x56 binaries/strncat.o
                0x000000000010694b                strncat
 .text          0x00000000001069a1       0x5e binaries/strncmp.o
                0x00000000001069a1                strncmp
 .text          0x00000000001069ff       0x4f binaries/strncpy.o
                0x00000000001069ff                strncpy
 .text          0x0000000000106a4e       0x2e binaries/strnlen.o
                0x0000000000106a4e                strnlen
 .text          0x0000000000106a7c       0x45 binaries/strrchr.o
                0x0000000000106a7c                strrchr
 .text          0x0000000000106ac1       0x6d binaries/strstr.o
                0x0000000000106ac1                strstr
 .text          0x0000000000106b2e       0xd8 binaries/ttycontrol.o
                0x0000000000106b2e                ttycontrol
 .text          0x0000000000106c06       0x93 binaries/ttygetc.o
                0x0000000000106c06                ttygetc
 .text          0x0000000000106c99      0x756 binaries/ttyhandle_in.o
                0x0000000000106c99                ttyhandle_in
 .text          0x00000000001073ef      0x19f binaries/ttyhandle_out.o
                0x00000000001073ef                ttyhandle_out
 .text          0x000000000010758e       0xc6 binaries/ttyhandler.o
                0x000000000010758e                ttyhandler
 .text          0x0000000000107654      0x22b binaries/ttyinit.o
                0x0000000000107654                ttyinit
 .text          0x000000000010787f       0x1d binaries/ttykickout.o
                0x000000000010787f                ttykickout
 .text          0x000000000010789c       0xb2 binaries/ttyputc.o
                0x000000000010789c                ttyputc
 .text          0x000000000010794e      0x10f binaries/ttyread.o
                0x000000000010794e                ttyread
 .text          0x0000000000107a5d       0x4f binaries/ttywrite.o
                0x0000000000107a5d                ttywrite
 .text          0x0000000000107aac      0x16a binaries/mount.o
                0x0000000000107aac                mount
                0x0000000000107be0                namlen
 .text          0x0000000000107c16      0x229 binaries/naminit.o
                0x0000000000107c16                naminit
 .text          0x0000000000107e3f      0x216 binaries/nammap.o
                0x0000000000107e3f                nammap
                0x0000000000107ed0                namrepl
                0x0000000000108005                namcpy
 .text          0x0000000000108055       0x55 binaries/namopen.o
                0x0000000000108055                namopen
 .text          0x00000000001080aa      0xfa3 binaries/82545EMInit.o
                0x0000000000108101                _82545EMInit
                0x0000000000108ea7                _82545EM_read_phy_reg
                0x0000000000108f76                _82545EM_write_phy_reg
 .text          0x000000000010904d      0x24c binaries/ethcontrol.o
                0x00000000001090a4                ethcontrol
                0x0000000000109221                ethIrqDisable
                0x000000000010925d                ethIrqEnable
 .text          0x0000000000109299      0x241 binaries/ethhandler.o
                0x000000000010940a                ethhandler
 .text          0x00000000001094da      0x122 binaries/ethinit.o
                0x00000000001094da                ethinit
 .text          0x00000000001095fc      0x1f0 binaries/ethread.o
                0x0000000000109653                ethread
 .text          0x00000000001097ec      0x19a binaries/ethwrite.o
                0x0000000000109843                ethwrite
 .text          0x0000000000109986      0x2c1 binaries/rdscomm.o
                0x0000000000109986                rdscomm
 .text          0x0000000000109c47      0x21b binaries/rdscontrol.o
                0x0000000000109c47                rdscontrol
 .text          0x0000000000109e62       0x4e binaries/rdsinit.o
                0x0000000000109e62                rdsinit
 .text          0x0000000000109eb0      0x385 binaries/rdsopen.o
                0x0000000000109eb0                rdsopen
 .text          0x000000000010a235      0x40d binaries/rdsprocess.o
                0x000000000010a235                rdsprocess
 .text          0x000000000010a642      0x5b2 binaries/rdsqfcns.o
                0x000000000010a642                rdqunlink
                0x000000000010a6e4                rdqinsert
                0x000000000010a739                rdcunlink
                0x000000000010a7e3                rdcinsert
                0x000000000010a8c4                edqdump
                0x000000000010aa80                edcdump
 .text          0x000000000010abf4      0x1d7 binaries/rdsread.o
                0x000000000010abf4                rdsread
 .text          0x000000000010adcb       0x58 binaries/rdssetprio.o
                0x000000000010adcb                rdssetprio
 .text          0x000000000010ae23      0x117 binaries/rdswrite.o
                0x000000000010ae23                rdswrite
 .text          0x000000000010af3a        0xa binaries/ramclose.o
                0x000000000010af3a                ramclose
 .text          0x000000000010af44       0x45 binaries/raminit.o
                0x000000000010af44                raminit
 .text          0x000000000010af89        0xa binaries/ramopen.o
                0x000000000010af89                ramopen
 .text          0x000000000010af93       0x35 binaries/ramread.o
                0x000000000010af93                ramread
 .text          0x000000000010afc8       0x36 binaries/ramwrite.o
                0x000000000010afc8                ramwrite
 .text          0x000000000010affe       0x9e binaries/lfdballoc.o
                0x000000000010affe                lfdballoc
 .text          0x000000000010b09c       0x62 binaries/lfdbfree.o
                0x000000000010b09c                lfdbfree
 .text          0x000000000010b0fe       0xbf binaries/lfflush.o
                0x000000000010b0fe                lfflush
 .text          0x000000000010b1bd       0xd8 binaries/lfgetmode.o
                0x000000000010b1bd                lfgetmode
 .text          0x000000000010b295       0x6c binaries/lfiballoc.o
                0x000000000010b295                lfiballoc
 .text          0x000000000010b301       0x3b binaries/lfibclear.o
                0x000000000010b301                lfibclear
 .text          0x000000000010b33c       0xae binaries/lfibget.o
                0x000000000010b33c                lfibget
 .text          0x000000000010b3ea       0xe0 binaries/lfibput.o
                0x000000000010b3ea                lfibput
 .text          0x000000000010b4ca       0x93 binaries/lflclose.o
                0x000000000010b4ca                lflclose
 .text          0x000000000010b55d       0xb5 binaries/lflcontrol.o
                0x000000000010b55d                lflcontrol
 .text          0x000000000010b612       0xdf binaries/lflgetc.o
                0x000000000010b612                lflgetc
 .text          0x000000000010b6f1       0xfb binaries/lflinit.o
                0x000000000010b6f1                lflinit
 .text          0x000000000010b7ec      0x10f binaries/lflputc.o
                0x000000000010b7ec                lflputc
 .text          0x000000000010b8fb       0x6d binaries/lflread.o
                0x000000000010b8fb                lflread
 .text          0x000000000010b968       0x9c binaries/lflseek.o
                0x000000000010b968                lflseek
 .text          0x000000000010ba04       0x55 binaries/lflwrite.o
                0x000000000010ba04                lflwrite
 .text          0x000000000010ba59       0x62 binaries/lfscheck.o
                0x000000000010ba59                lfscheck
 .text          0x000000000010babb      0x176 binaries/lfsckfmt.o
                0x000000000010babb                lfsckfmt
 .text          0x000000000010bc31      0x221 binaries/lfscreate.o
                0x000000000010bc31                lfscreate
 .text          0x000000000010be52      0x282 binaries/lfsetup.o
                0x000000000010be52                lfsetup
 .text          0x000000000010c0d4       0x55 binaries/lfsinit.o
                0x000000000010c0d4                lfsinit
 .text          0x000000000010c129      0x3cb binaries/lfsopen.o
                0x000000000010c129                lfsopen
 .text          0x000000000010c4f4      0x161 binaries/lftruncate.o
                0x000000000010c4f4                lftruncate
 .text          0x000000000010c655      0x1a5 binaries/rflclose.o
                0x000000000010c655                rflclose
 .text          0x000000000010c7fa       0x5d binaries/rflgetc.o
                0x000000000010c7fa                rflgetc
 .text          0x000000000010c857       0x76 binaries/rflinit.o
                0x000000000010c857                rflinit
 .text          0x000000000010c8cd       0x39 binaries/rflputc.o
                0x000000000010c8cd                rflputc
 .text          0x000000000010c906      0x386 binaries/rflread.o
                0x000000000010c906                rflread
 .text          0x000000000010cc8c       0x68 binaries/rflseek.o
                0x000000000010cc8c                rflseek
 .text          0x000000000010ccf4      0x336 binaries/rflwrite.o
                0x000000000010ccf4                rflwrite
 .text          0x000000000010d02a      0x22f binaries/rfscomm.o
                0x000000000010d02a                rfscomm
 .text          0x000000000010d259      0x258 binaries/rfscontrol.o
                0x000000000010d259                rfscontrol
 .text          0x000000000010d4b1       0xd8 binaries/rfsgetmode.o
                0x000000000010d4b1                rfsgetmode
 .text          0x000000000010d589       0x61 binaries/rfsinit.o
                0x000000000010d589                rfsinit
 .text          0x000000000010d5ea      0x128 binaries/rfsndmsg.o
                0x000000000010d5ea                rfsndmsg
 .text          0x000000000010d712      0x28d binaries/rfsopen.o
                0x000000000010d712                rfsopen
 .text          0x000000000010d99f      0x855 binaries/arp.o
                0x000000000010d99f                arp_init
                0x000000000010d9d1                arp_resolve
                0x000000000010dc9e                arp_in
                0x000000000010df50                arp_alloc
                0x000000000010e01c                arp_ntoh
                0x000000000010e108                arp_hton
 .text          0x000000000010e1f4      0x947 binaries/dhcp.o
                0x000000000010e1f4                dhcp_get_opt_val
                0x000000000010e24d                dhcp_bld_bootp_msg
                0x000000000010e377                dhcp_bld_disc
                0x000000000010e45d                dhcp_bld_req
                0x000000000010e5da                getlocalip
 .text          0x000000000010eb3b      0x6e3 binaries/dns.o
                0x000000000010eb3b                dnslookup
 .text          0x000000000010f21e       0xe0 binaries/dot2ip.o
                0x000000000010f21e                dot2ip
 .text          0x000000000010f2fe      0x468 binaries/hexdump.o
                0x000000000010f2fe                hexdump
                0x000000000010f481                hexadump
 .text          0x000000000010f766      0x8c4 binaries/icmp.o
                0x000000000010f766                icmp_init
                0x000000000010f79c                icmp_in
                0x000000000010f9a4                icmp_register
                0x000000000010fa96                icmp_recv
                0x000000000010fc0f                icmp_send
                0x000000000010fca4                icmp_mkpkt
                0x000000000010fdbf                icmp_release
                0x000000000010feaf                icmp_cksum
                0x000000000010ff42                icmp_hton
                0x000000000010ffb6                icmp_ntoh
 .text          0x000000000011002a      0x81d binaries/ip.o
                0x000000000011002a                ip_in
                0x0000000000110176                ip_send
                0x00000000001102b8                ip_local
                0x00000000001102fb                ip_out
                0x0000000000110428                ipcksum
                0x00000000001104ae                ip_ntoh
                0x000000000011059a                ip_hton
                0x0000000000110686                ipout
                0x00000000001107a8                ip_enqueue
 .text          0x0000000000110847      0x2ed binaries/net.o
                0x0000000000110847                net_init
                0x000000000011099f                netin
                0x0000000000110a4b                eth_hton
                0x0000000000110a75                eth_ntoh
                0x0000000000110a9f                getport
 .text          0x0000000000110b34     0x1539 binaries/pdump.o
                0x0000000000110b34                pdump
                0x0000000000111950                pdumph
 .text          0x000000000011206d      0x64a binaries/tftp.o
                0x000000000011206d                tftp_send1
                0x00000000001121fd                tftpget
                0x000000000011223f                tftpget_mb
 .text          0x00000000001126b7      0xb08 binaries/udp.o
                0x00000000001126b7                udp_init
                0x00000000001126eb                udp_in
                0x0000000000112826                udp_register
                0x000000000011295a                udp_recv
                0x0000000000112ae0                udp_recvaddr
                0x0000000000112c7e                udp_send
                0x0000000000112e4d                udp_sendto
                0x0000000000112fe8                udp_release
                0x00000000001130d5                udp_ntoh
                0x000000000011314a                udp_hton
 .text          0x00000000001131bf      0x135 binaries/addargs.o
                0x00000000001131bf                addargs
 .text          0x00000000001132f4      0x2c9 binaries/lexan.o
                0x00000000001132f4                lexan
 .text          0x00000000001135bd      0x6e9 binaries/shell.o
                0x00000000001135bd                shell
 .text          0x0000000000113ca6       0x68 binaries/xsh_argecho.o
                0x0000000000113ca6                xsh_argecho
 .text          0x0000000000113d0e      0x23a binaries/xsh_arp.o
                0x0000000000113d0e                xsh_arp
 .text          0x0000000000113f48      0x245 binaries/xsh_cat.o
                0x0000000000113f48                xsh_cat
 .text          0x000000000011418d       0x59 binaries/xsh_clear.o
                0x000000000011418d                xsh_clear
 .text          0x00000000001141e6      0x2e0 binaries/xsh_date.o
                0x00000000001141e6                xsh_date
 .text          0x00000000001144c6       0xab binaries/xsh_devdump.o
                0x00000000001144c6                xsh_devdump
 .text          0x0000000000114571       0x6c binaries/xsh_echo.o
                0x0000000000114571                xsh_echo
 .text          0x00000000001145dd        0xa binaries/xsh_exit.o
                0x00000000001145dd                xsh_exit
 .text          0x00000000001145e7      0x368 binaries/xsh_help.o
                0x00000000001145e7                xsh_help
 .text          0x000000000011494f      0x232 binaries/xsh_kill.o
                0x000000000011494f                xsh_kill
 .text          0x0000000000114b81      0x531 binaries/xsh_ls.o
                0x0000000000114b81                xsh_ls
 .text          0x00000000001150b2      0x50a binaries/xsh_memdump.o
                0x00000000001150b2                xsh_memdump
 .text          0x00000000001155bc      0x293 binaries/xsh_memstat.o
                0x00000000001155bc                xsh_memstat
 .text          0x000000000011584f      0x5ae binaries/xsh_netinfo.o
                0x000000000011584f                xsh_netinfo
 .text          0x0000000000115dfd      0x5e8 binaries/xsh_ns.o
                0x0000000000115dfd                xsh_ns
 .text          0x00000000001163e5      0x3c7 binaries/xsh_ping.o
                0x00000000001163e5                xsh_ping
 .text          0x00000000001167ac      0x25a binaries/xsh_ps.o
                0x00000000001167ac                xsh_ps
 .text          0x0000000000116a06      0x20f binaries/xsh_sleep.o
                0x0000000000116a06                xsh_sleep
 .text          0x0000000000116c15      0x2b2 binaries/xsh_udpdump.o
                0x0000000000116c15                xsh_udpdump
 .text          0x0000000000116ec7      0x578 binaries/xsh_udpecho.o
                0x0000000000116ec7                xsh_udpecho
 .text          0x000000000011743f      0x2c6 binaries/xsh_udpserver.o
                0x000000000011743f                xsh_udpeserver
 .text          0x0000000000117705      0x1dd binaries/xsh_uptime.o
                0x0000000000117705                xsh_uptime
 .text          0x00000000001178e2        0xe binaries/clkdisp.o
                0x00000000001178e2                clkdisp
 .text          0x00000000001178f0       0x19 binaries/ctxsw.o
                0x00000000001178f0                ctxsw
 .text          0x0000000000117909      0x368 binaries/intr.o
                0x0000000000117909                disable
                0x0000000000117912                restore
                0x0000000000117920                enable
                0x0000000000117922                pause
                0x0000000000117929                halt
                0x000000000011792c                spurious_irq7
                0x0000000000117931                spurious_irq15
                0x0000000000117940                _Xint0
                0x000000000011794b                _Xint1
                0x0000000000117956                _Xint2
                0x0000000000117961                _Xint3
                0x000000000011796c                _Xint4
                0x0000000000117977                _Xint5
                0x0000000000117982                _Xint6
                0x000000000011798d                _Xint7
                0x0000000000117998                _Xint8
                0x00000000001179a3                _Xint9
                0x00000000001179ae                _Xint10
                0x00000000001179b9                _Xint11
                0x00000000001179c7                _Xint12
                0x00000000001179d5                _Xint13
                0x00000000001179e3                _Xint14
                0x00000000001179f1                _Xint15
                0x00000000001179ff                _Xint16
                0x0000000000117a0d                _Xint17
                0x0000000000117a1b                _Xint18
                0x0000000000117a29                _Xint19
                0x0000000000117a37                _Xint20
                0x0000000000117a45                _Xint21
                0x0000000000117a53                _Xint22
                0x0000000000117a61                _Xint23
                0x0000000000117a6f                _Xint24
                0x0000000000117a7d                _Xint25
                0x0000000000117a8b                _Xint26
                0x0000000000117a99                _Xint27
                0x0000000000117aa7                _Xint28
                0x0000000000117ab5                _Xint29
                0x0000000000117ac3                _Xint30
                0x0000000000117ad1                _Xint31
                0x0000000000117adf                _Xint32
                0x0000000000117aed                _Xint33
                0x0000000000117afb                _Xint34
                0x0000000000117b09                _Xint35
                0x0000000000117b17                _Xint36
                0x0000000000117b25                _Xint37
                0x0000000000117b33                _Xint38
                0x0000000000117b41                _Xint39
                0x0000000000117b4f                _Xint40
                0x0000000000117b5d                _Xint41
                0x0000000000117b6b                _Xint42
                0x0000000000117b79                _Xint43
                0x0000000000117b87                _Xint44
                0x0000000000117b95                _Xint45
                0x0000000000117ba3                _Xint46
                0x0000000000117bb1                defevec
 .text          0x0000000000117c71        0xf binaries/ttydispatch.o
                0x0000000000117c71                ttydispatch
 .text          0x0000000000117c80       0x13 binaries/ethdispatch.o
                0x0000000000117c80                ethdispatch
 *(.rodata .rodata.*)
 *fill*         0x0000000000117c93        0x1 
 .rodata        0x0000000000117c94       0x8e binaries/ascdate.o
 .rodata        0x0000000000117d22       0xae binaries/conf.o
 .rodata        0x0000000000117dd0        0xd binaries/create.o
 *fill*         0x0000000000117ddd        0x3 
 .rodata        0x0000000000117de0      0x22f binaries/evec.o
 *fill*         0x000000000011800f        0x1 
 .rodata        0x0000000000118010       0x61 binaries/getutime.o
 *fill*         0x0000000000118071        0x3 
 .rodata        0x0000000000118074       0x90 binaries/i386.o
 .rodata        0x0000000000118104      0x188 binaries/initialize.o
 .rodata        0x000000000011828c       0x20 binaries/kill.o
 .rodata        0x00000000001182ac       0x2e binaries/main.o
 .rodata        0x00000000001182da        0xf binaries/panic.o
 *fill*         0x00000000001182e9        0x3 
 .rodata        0x00000000001182ec      0x1ec binaries/pci.o
 .rodata        0x00000000001184d8       0x1d binaries/ptinit.o
 *fill*         0x00000000001184f5        0x3 
 .rodata        0x00000000001184f8       0x25 binaries/ptsend.o
 *fill*         0x000000000011851d        0x3 
 .rodata        0x0000000000118520       0xb7 binaries/stacktrace.o
 *fill*         0x00000000001185d7        0x1 
 .rodata        0x00000000001185d8       0x27 binaries/xdone.o
 *fill*         0x00000000001185ff        0x1 
 .rodata        0x0000000000118600       0x81 binaries/ctype_.o
                0x0000000000118600                _ctype_
 *fill*         0x0000000000118681        0x3 
 .rodata        0x0000000000118684       0xee binaries/doprnt.o
 *fill*         0x0000000000118772        0x2 
 .rodata        0x0000000000118774       0x98 binaries/doscan.o
 .rodata        0x000000000011880c       0xae binaries/fdoprnt.o
 *fill*         0x00000000001188ba        0x2 
 .rodata        0x00000000001188bc       0x20 binaries/ttycontrol.o
 .rodata        0x00000000001188dc       0x34 binaries/ttyhandler.o
 .rodata        0x0000000000118910       0x14 binaries/mount.o
 .rodata        0x0000000000118924       0x82 binaries/naminit.o
 *fill*         0x00000000001189a6        0x2 
 .rodata        0x00000000001189a8       0x2e binaries/82545EMInit.o
 *fill*         0x00000000001189d6        0x2 
 .rodata        0x00000000001189d8       0x78 binaries/ethinit.o
 .rodata        0x0000000000118a50       0x18 binaries/ethread.o
 .rodata        0x0000000000118a68       0x76 binaries/rdscomm.o
 *fill*         0x0000000000118ade        0x2 
 .rodata        0x0000000000118ae0       0x21 binaries/rdscontrol.o
 *fill*         0x0000000000118b01        0x3 
 .rodata        0x0000000000118b04       0xae binaries/rdsopen.o
 *fill*         0x0000000000118bb2        0x2 
 .rodata        0x0000000000118bb4       0x3e binaries/rdsprocess.o
 *fill*         0x0000000000118bf2        0x2 
 .rodata        0x0000000000118bf4       0xe2 binaries/rdsqfcns.o
 .rodata        0x0000000000118cd6        0x9 binaries/raminit.o
 *fill*         0x0000000000118cdf        0x1 
 .rodata        0x0000000000118ce0       0x36 binaries/lfdballoc.o
 .rodata        0x0000000000118d16       0x14 binaries/lfiballoc.o
 *fill*         0x0000000000118d2a        0x2 
 .rodata        0x0000000000118d2c       0x22 binaries/lflcontrol.o
 *fill*         0x0000000000118d4e        0x2 
 .rodata        0x0000000000118d50      0x118 binaries/lfsckfmt.o
 .rodata        0x0000000000118e68       0x66 binaries/lfsopen.o
 *fill*         0x0000000000118ece        0x2 
 .rodata        0x0000000000118ed0       0x21 binaries/rflclose.o
 *fill*         0x0000000000118ef1        0x3 
 .rodata        0x0000000000118ef4       0x21 binaries/rflread.o
 *fill*         0x0000000000118f15        0x3 
 .rodata        0x0000000000118f18       0x21 binaries/rflwrite.o
 *fill*         0x0000000000118f39        0x3 
 .rodata        0x0000000000118f3c       0xa1 binaries/rfscomm.o
 *fill*         0x0000000000118fdd        0x3 
 .rodata        0x0000000000118fe0       0x3c binaries/rfscontrol.o
 .rodata        0x000000000011901c       0x2b binaries/rfsinit.o
 *fill*         0x0000000000119047        0x1 
 .rodata        0x0000000000119048       0x2a binaries/rfsndmsg.o
 *fill*         0x0000000000119072        0x2 
 .rodata        0x0000000000119074       0x21 binaries/rfsopen.o
 *fill*         0x0000000000119095        0x3 
 .rodata        0x0000000000119098       0x3a binaries/arp.o
 *fill*         0x00000000001190d2        0x2 
 .rodata        0x00000000001190d4       0xcf binaries/dhcp.o
 .rodata        0x00000000001191a3       0x24 binaries/dns.o
 *fill*         0x00000000001191c7        0x1 
 .rodata        0x00000000001191c8       0xc9 binaries/hexdump.o
 *fill*         0x0000000000119291        0x3 
 .rodata        0x0000000000119294       0x29 binaries/icmp.o
 *fill*         0x00000000001192bd        0x3 
 .rodata        0x00000000001192c0       0x52 binaries/ip.o
 *fill*         0x0000000000119312        0x2 
 .rodata        0x0000000000119314       0x4f binaries/net.o
 *fill*         0x0000000000119363        0x1 
 .rodata        0x0000000000119364      0x26f binaries/pdump.o
 *fill*         0x00000000001195d3        0x1 
 .rodata        0x00000000001195d4      0x154 binaries/tftp.o
 *fill*         0x0000000000119728       0x18 
 .rodata        0x0000000000119740      0x3f9 binaries/shell.o
                0x00000000001197e0                cmdtab
 .rodata        0x0000000000119b39       0x28 binaries/xsh_argecho.o
 *fill*         0x0000000000119b61        0x3 
 .rodata        0x0000000000119b64      0x123 binaries/xsh_arp.o
 *fill*         0x0000000000119c87        0x1 
 .rodata        0x0000000000119c88       0xc9 binaries/xsh_cat.o
 .rodata        0x0000000000119d51       0x19 binaries/xsh_clear.o
 *fill*         0x0000000000119d6a        0x2 
 .rodata        0x0000000000119d6c      0x1c3 binaries/xsh_date.o
 .rodata        0x0000000000119f2f       0x5d binaries/xsh_devdump.o
 .rodata        0x0000000000119f8c        0x9 binaries/xsh_echo.o
 *fill*         0x0000000000119f95        0x3 
 .rodata        0x0000000000119f98      0x169 binaries/xsh_help.o
 *fill*         0x000000000011a101        0x3 
 .rodata        0x000000000011a104      0x12e binaries/xsh_kill.o
 *fill*         0x000000000011a232        0x2 
 .rodata        0x000000000011a234      0x190 binaries/xsh_ls.o
 .rodata        0x000000000011a3c4      0x266 binaries/xsh_memdump.o
 *fill*         0x000000000011a62a        0x2 
 .rodata        0x000000000011a62c      0x225 binaries/xsh_memstat.o
 *fill*         0x000000000011a851        0x3 
 .rodata        0x000000000011a854      0x1b0 binaries/xsh_netinfo.o
 *fill*         0x000000000011aa04       0x1c 
 .rodata        0x000000000011aa20      0x340 binaries/xsh_ns.o
 .rodata        0x000000000011ad60      0x19d binaries/xsh_ping.o
 *fill*         0x000000000011aefd        0x3 
 .rodata        0x000000000011af00      0x1e0 binaries/xsh_ps.o
 .rodata        0x000000000011b0e0       0xeb binaries/xsh_sleep.o
 *fill*         0x000000000011b1cb        0x1 
 .rodata        0x000000000011b1cc      0x1b8 binaries/xsh_udpdump.o
 .rodata        0x000000000011b384      0x27d binaries/xsh_udpecho.o
 *fill*         0x000000000011b601        0x3 
 .rodata        0x000000000011b604      0x12b binaries/xsh_udpserver.o
 *fill*         0x000000000011b72f        0x1 
 .rodata        0x000000000011b730      0x105 binaries/xsh_uptime.o
                0x000000000011b835                etext = ABSOLUTE (.)
                0x000000000011c000                . = ALIGN (0x1000)
 *fill*         0x000000000011b835      0x7cb 

.eh_frame       0x000000000011c000     0x2d64
 .eh_frame      0x000000000011c000       0x40 binaries/ascdate.o
 .eh_frame      0x000000000011c040       0x20 binaries/bufinit.o
                                         0x38 (size before relaxing)
 .eh_frame      0x000000000011c060       0x20 binaries/chprio.o
                                         0x38 (size before relaxing)
 .eh_frame      0x000000000011c080       0x20 binaries/clkhandler.o
                                         0x38 (size before relaxing)
 .eh_frame      0x000000000011c0a0       0x20 binaries/clkinit.o
                                         0x38 (size before relaxing)
 .eh_frame      0x000000000011c0c0       0x20 binaries/close.o
                                         0x38 (size before relaxing)
 .eh_frame      0x000000000011c0e0       0x20 binaries/control.o
                                         0x38 (size before relaxing)
 .eh_frame      0x000000000011c100       0x40 binaries/create.o
                                         0x58 (size before relaxing)
 .eh_frame      0x000000000011c140       0x60 binaries/evec.o
                                         0x78 (size before relaxing)
 .eh_frame      0x000000000011c1a0       0x20 binaries/exit.o
                                         0x38 (size before relaxing)
 .eh_frame      0x000000000011c1c0       0x20 binaries/fork.o
                                         0x38 (size before relaxing)
 .eh_frame      0x000000000011c1e0       0x20 binaries/freebuf.o
                                         0x38 (size before relaxing)
 .eh_frame      0x000000000011c200       0x20 binaries/freemem.o
                                         0x38 (size before relaxing)
 .eh_frame      0x000000000011c220       0x20 binaries/getbuf.o
                                         0x38 (size before relaxing)
 .eh_frame      0x000000000011c240       0x20 binaries/getc.o
                                         0x38 (size before relaxing)
 .eh_frame      0x000000000011c260       0x20 binaries/getdev.o
                                         0x38 (size before relaxing)
 .eh_frame      0x000000000011c280       0x60 binaries/getitem.o
                                         0x78 (size before relaxing)
 .eh_frame      0x000000000011c2e0       0x20 binaries/getmem.o
                                         0x38 (size before relaxing)
 .eh_frame      0x000000000011c300       0x20 binaries/getpid.o
                                         0x38 (size before relaxing)
 .eh_frame      0x000000000011c320       0x20 binaries/getprio.o
                                         0x38 (size before relaxing)
 .eh_frame      0x000000000011c340       0x20 binaries/getstk.o
                                         0x38 (size before relaxing)
 .eh_frame      0x000000000011c360       0x20 binaries/getticks.o
                                         0x38 (size before relaxing)
 .eh_frame      0x000000000011c380       0x20 binaries/gettime.o
                                         0x38 (size before relaxing)
 .eh_frame      0x000000000011c3a0       0x20 binaries/getutime.o
                                         0x38 (size before relaxing)
 .eh_frame      0x000000000011c3c0       0x8c binaries/i386.o
                                         0xa4 (size before relaxing)
 .eh_frame      0x000000000011c44c       0x20 binaries/init.o
                                         0x38 (size before relaxing)
 .eh_frame      0x000000000011c46c       0xa0 binaries/initialize.o
                                         0xb8 (size before relaxing)
 .eh_frame      0x000000000011c50c       0x20 binaries/insert.o
                                         0x38 (size before relaxing)
 .eh_frame      0x000000000011c52c       0x20 binaries/insertd.o
                                         0x38 (size before relaxing)
 .eh_frame      0x000000000011c54c       0x20 binaries/ioerr.o
                                         0x38 (size before relaxing)
 .eh_frame      0x000000000011c56c       0x20 binaries/ionull.o
                                         0x38 (size before relaxing)
 .eh_frame      0x000000000011c58c       0x20 binaries/kill.o
                                         0x38 (size before relaxing)
 .eh_frame      0x000000000011c5ac       0x60 binaries/kprintf.o
                                         0x78 (size before relaxing)
 .eh_frame      0x000000000011c60c       0x1c binaries/main.o
                                         0x34 (size before relaxing)
 .eh_frame      0x000000000011c628       0x40 binaries/mark.o
                                         0x58 (size before relaxing)
 .eh_frame      0x000000000011c668       0x20 binaries/meminit.o
                                         0x38 (size before relaxing)
 .eh_frame      0x000000000011c688       0x20 binaries/mkbufpool.o
                                         0x38 (size before relaxing)
 .eh_frame      0x000000000011c6a8       0x20 binaries/newqueue.o
                                         0x38 (size before relaxing)
 .eh_frame      0x000000000011c6c8       0x20 binaries/open.o
                                         0x38 (size before relaxing)
 .eh_frame      0x000000000011c6e8       0x1c binaries/panic.o
                                         0x34 (size before relaxing)
 .eh_frame      0x000000000011c704      0x1c8 binaries/pci.o
                                        0x1e0 (size before relaxing)
 .eh_frame      0x000000000011c8cc       0x20 binaries/ptclear.o
                                         0x38 (size before relaxing)
 .eh_frame      0x000000000011c8ec       0x20 binaries/ptcount.o
                                         0x38 (size before relaxing)
 .eh_frame      0x000000000011c90c       0x20 binaries/ptcreate.o
                                         0x38 (size before relaxing)
 .eh_frame      0x000000000011c92c       0x20 binaries/ptdelete.o
                                         0x38 (size before relaxing)
 .eh_frame      0x000000000011c94c       0x20 binaries/ptinit.o
                                         0x38 (size before relaxing)
 .eh_frame      0x000000000011c96c       0x20 binaries/ptrecv.o
                                         0x38 (size before relaxing)
 .eh_frame      0x000000000011c98c       0x20 binaries/ptreset.o
                                         0x38 (size before relaxing)
 .eh_frame      0x000000000011c9ac       0x20 binaries/ptsend.o
                                         0x38 (size before relaxing)
 .eh_frame      0x000000000011c9cc       0x20 binaries/putc.o
                                         0x38 (size before relaxing)
 .eh_frame      0x000000000011c9ec       0x40 binaries/queue.o
                                         0x58 (size before relaxing)
 .eh_frame      0x000000000011ca2c       0x20 binaries/read.o
                                         0x38 (size before relaxing)
 .eh_frame      0x000000000011ca4c       0x24 binaries/ready.o
                                         0x3c (size before relaxing)
 .eh_frame      0x000000000011ca70       0x20 binaries/receive.o
                                         0x38 (size before relaxing)
 .eh_frame      0x000000000011ca90       0x20 binaries/recvclr.o
                                         0x38 (size before relaxing)
 .eh_frame      0x000000000011cab0       0x20 binaries/recvtime.o
                                         0x38 (size before relaxing)
 .eh_frame      0x000000000011cad0       0x40 binaries/resched.o
                                         0x58 (size before relaxing)
 .eh_frame      0x000000000011cb10       0x20 binaries/resume.o
                                         0x38 (size before relaxing)
 .eh_frame      0x000000000011cb30       0x20 binaries/seek.o
                                         0x38 (size before relaxing)
 .eh_frame      0x000000000011cb50       0x20 binaries/semcount.o
                                         0x38 (size before relaxing)
 .eh_frame      0x000000000011cb70       0x40 binaries/semcreate.o
                                         0x58 (size before relaxing)
 .eh_frame      0x000000000011cbb0       0x20 binaries/semdelete.o
                                         0x38 (size before relaxing)
 .eh_frame      0x000000000011cbd0       0x20 binaries/semreset.o
                                         0x38 (size before relaxing)
 .eh_frame      0x000000000011cbf0       0x20 binaries/send.o
                                         0x38 (size before relaxing)
 .eh_frame      0x000000000011cc10       0x20 binaries/signal.o
                                         0x38 (size before relaxing)
 .eh_frame      0x000000000011cc30       0x20 binaries/signaln.o
                                         0x38 (size before relaxing)
 .eh_frame      0x000000000011cc50       0x40 binaries/sleep.o
                                         0x58 (size before relaxing)
 .eh_frame      0x000000000011cc90       0x20 binaries/stacktrace.o
                                         0x38 (size before relaxing)
 .eh_frame      0x000000000011ccb0       0x20 binaries/suspend.o
                                         0x38 (size before relaxing)
 .eh_frame      0x000000000011ccd0       0x20 binaries/unsleep.o
                                         0x38 (size before relaxing)
 .eh_frame      0x000000000011ccf0       0x20 binaries/userret.o
                                         0x38 (size before relaxing)
 .eh_frame      0x000000000011cd10       0x20 binaries/wait.o
                                         0x38 (size before relaxing)
 .eh_frame      0x000000000011cd30       0x20 binaries/wakeup.o
                                         0x38 (size before relaxing)
 .eh_frame      0x000000000011cd50       0x20 binaries/write.o
                                         0x38 (size before relaxing)
 .eh_frame      0x000000000011cd70       0x20 binaries/xdone.o
                                         0x38 (size before relaxing)
 .eh_frame      0x000000000011cd90       0x20 binaries/yield.o
                                         0x38 (size before relaxing)
 .eh_frame      0x000000000011cdb0       0x20 binaries/abs.o
                                         0x38 (size before relaxing)
 .eh_frame      0x000000000011cdd0       0x20 binaries/atoi.o
                                         0x38 (size before relaxing)
 .eh_frame      0x000000000011cdf0       0x20 binaries/atol.o
                                         0x38 (size before relaxing)
 .eh_frame      0x000000000011ce10       0x20 binaries/bzero.o
                                         0x38 (size before relaxing)
 .eh_frame      0x000000000011ce30       0xe4 binaries/doprnt.o
                                         0xfc (size before relaxing)
 .eh_frame      0x000000000011cf14       0xb0 binaries/doscan.o
                                         0xc8 (size before relaxing)
 .eh_frame      0x000000000011cfc4       0xc0 binaries/fdoprnt.o
                                         0xd8 (size before relaxing)
 .eh_frame      0x000000000011d084       0x20 binaries/fgetc.o
                                         0x38 (size before relaxing)
 .eh_frame      0x000000000011d0a4       0x20 binaries/fgets.o
                                         0x38 (size before relaxing)
 .eh_frame      0x000000000011d0c4       0x20 binaries/fprintf.o
                                         0x38 (size before relaxing)
 .eh_frame      0x000000000011d0e4       0x20 binaries/fputc.o
                                         0x38 (size before relaxing)
 .eh_frame      0x000000000011d104       0x20 binaries/fputs.o
                                         0x38 (size before relaxing)
 .eh_frame      0x000000000011d124       0x60 binaries/fscanf.o
                                         0x78 (size before relaxing)
 .eh_frame      0x000000000011d184       0x20 binaries/getchar.o
                                         0x38 (size before relaxing)
 .eh_frame      0x000000000011d1a4       0x20 binaries/labs.o
                                         0x38 (size before relaxing)
 .eh_frame      0x000000000011d1c4       0x20 binaries/memcmp.o
                                         0x38 (size before relaxing)
 .eh_frame      0x000000000011d1e4       0x24 binaries/memcpy.o
                                         0x3c (size before relaxing)
 .eh_frame      0x000000000011d208       0x24 binaries/memset.o
                                         0x3c (size before relaxing)
 .eh_frame      0x000000000011d22c       0x20 binaries/printf.o
                                         0x38 (size before relaxing)
 .eh_frame      0x000000000011d24c       0x20 binaries/putchar.o
                                         0x38 (size before relaxing)
 .eh_frame      0x000000000011d26c       0xa8 binaries/qsort.o
                                         0xc0 (size before relaxing)
 .eh_frame      0x000000000011d314       0x60 binaries/rand.o
                                         0x78 (size before relaxing)
 .eh_frame      0x000000000011d374       0x40 binaries/sprintf.o
                                         0x58 (size before relaxing)
 .eh_frame      0x000000000011d3b4       0x60 binaries/sscanf.o
                                         0x78 (size before relaxing)
 .eh_frame      0x000000000011d414       0x20 binaries/strchr.o
                                         0x38 (size before relaxing)
 .eh_frame      0x000000000011d434       0x20 binaries/strcmp.o
                                         0x38 (size before relaxing)
 .eh_frame      0x000000000011d454       0x20 binaries/strcpy.o
                                         0x38 (size before relaxing)
 .eh_frame      0x000000000011d474       0x20 binaries/strlen.o
                                         0x38 (size before relaxing)
 .eh_frame      0x000000000011d494       0x20 binaries/strncat.o
                                         0x38 (size before relaxing)
 .eh_frame      0x000000000011d4b4       0x20 binaries/strncmp.o
                                         0x38 (size before relaxing)
 .eh_frame      0x000000000011d4d4       0x28 binaries/strncpy.o
                                         0x40 (size before relaxing)
 .eh_frame      0x000000000011d4fc       0x20 binaries/strnlen.o
                                         0x38 (size before relaxing)
 .eh_frame      0x000000000011d51c       0x20 binaries/strrchr.o
                                         0x38 (size before relaxing)
 .eh_frame      0x000000000011d53c       0x20 binaries/strstr.o
                                         0x38 (size before relaxing)
 .eh_frame      0x000000000011d55c       0x20 binaries/ttycontrol.o
                                         0x38 (size before relaxing)
 .eh_frame      0x000000000011d57c       0x20 binaries/ttygetc.o
                                         0x38 (size before relaxing)
 .eh_frame      0x000000000011d59c       0x80 binaries/ttyhandle_in.o
                                         0x98 (size before relaxing)
 .eh_frame      0x000000000011d61c       0x20 binaries/ttyhandle_out.o
                                         0x38 (size before relaxing)
 .eh_frame      0x000000000011d63c       0x20 binaries/ttyhandler.o
                                         0x38 (size before relaxing)
 .eh_frame      0x000000000011d65c       0x20 binaries/ttyinit.o
                                         0x38 (size before relaxing)
 .eh_frame      0x000000000011d67c       0x20 binaries/ttykickout.o
                                         0x38 (size before relaxing)
 .eh_frame      0x000000000011d69c       0x20 binaries/ttyputc.o
                                         0x38 (size before relaxing)
 .eh_frame      0x000000000011d6bc       0x28 binaries/ttyread.o
                                         0x40 (size before relaxing)
 .eh_frame      0x000000000011d6e4       0x20 binaries/ttywrite.o
                                         0x38 (size before relaxing)
 .eh_frame      0x000000000011d704       0x40 binaries/mount.o
                                         0x58 (size before relaxing)
 .eh_frame      0x000000000011d744       0x20 binaries/naminit.o
                                         0x38 (size before relaxing)
 .eh_frame      0x000000000011d764       0x60 binaries/nammap.o
                                         0x78 (size before relaxing)
 .eh_frame      0x000000000011d7c4       0x20 binaries/namopen.o
                                         0x38 (size before relaxing)
 .eh_frame      0x000000000011d7e4      0x150 binaries/82545EMInit.o
                                        0x168 (size before relaxing)
 .eh_frame      0x000000000011d934       0xa0 binaries/ethcontrol.o
                                         0xb8 (size before relaxing)
 .eh_frame      0x000000000011d9d4       0x80 binaries/ethhandler.o
                                         0x98 (size before relaxing)
 .eh_frame      0x000000000011da54       0x20 binaries/ethinit.o
                                         0x38 (size before relaxing)
 .eh_frame      0x000000000011da74       0x60 binaries/ethread.o
                                         0x78 (size before relaxing)
 .eh_frame      0x000000000011dad4       0x60 binaries/ethwrite.o
                                         0x78 (size before relaxing)
 .eh_frame      0x000000000011db34       0x20 binaries/rdscomm.o
                                         0x38 (size before relaxing)
 .eh_frame      0x000000000011db54       0x20 binaries/rdscontrol.o
                                         0x38 (size before relaxing)
 .eh_frame      0x000000000011db74       0x20 binaries/rdsinit.o
                                         0x38 (size before relaxing)
 .eh_frame      0x000000000011db94       0x20 binaries/rdsopen.o
                                         0x38 (size before relaxing)
 .eh_frame      0x000000000011dbb4       0x1c binaries/rdsprocess.o
                                         0x34 (size before relaxing)
 .eh_frame      0x000000000011dbd0       0xc0 binaries/rdsqfcns.o
                                         0xd8 (size before relaxing)
 .eh_frame      0x000000000011dc90       0x20 binaries/rdsread.o
                                         0x38 (size before relaxing)
 .eh_frame      0x000000000011dcb0       0x20 binaries/rdssetprio.o
                                         0x38 (size before relaxing)
 .eh_frame      0x000000000011dcd0       0x20 binaries/rdswrite.o
                                         0x38 (size before relaxing)
 .eh_frame      0x000000000011dcf0       0x20 binaries/ramclose.o
                                         0x38 (size before relaxing)
 .eh_frame      0x000000000011dd10       0x20 binaries/raminit.o
                                         0x38 (size before relaxing)
 .eh_frame      0x000000000011dd30       0x20 binaries/ramopen.o
                                         0x38 (size before relaxing)
 .eh_frame      0x000000000011dd50       0x20 binaries/ramread.o
                                         0x38 (size before relaxing)
 .eh_frame      0x000000000011dd70       0x20 binaries/ramwrite.o
                                         0x38 (size before relaxing)
 .eh_frame      0x000000000011dd90       0x20 binaries/lfdballoc.o
                                         0x38 (size before relaxing)
 .eh_frame      0x000000000011ddb0       0x20 binaries/lfdbfree.o
                                         0x38 (size before relaxing)
 .eh_frame      0x000000000011ddd0       0x20 binaries/lfflush.o
                                         0x38 (size before relaxing)
 .eh_frame      0x000000000011ddf0       0x20 binaries/lfgetmode.o
                                         0x38 (size before relaxing)
 .eh_frame      0x000000000011de10       0x20 binaries/lfiballoc.o
                                         0x38 (size before relaxing)
 .eh_frame      0x000000000011de30       0x20 binaries/lfibclear.o
                                         0x38 (size before relaxing)
 .eh_frame      0x000000000011de50       0x20 binaries/lfibget.o
                                         0x38 (size before relaxing)
 .eh_frame      0x000000000011de70       0x20 binaries/lfibput.o
                                         0x38 (size before relaxing)
 .eh_frame      0x000000000011de90       0x20 binaries/lflclose.o
                                         0x38 (size before relaxing)
 .eh_frame      0x000000000011deb0       0x20 binaries/lflcontrol.o
                                         0x38 (size before relaxing)
 .eh_frame      0x000000000011ded0       0x20 binaries/lflgetc.o
                                         0x38 (size before relaxing)
 .eh_frame      0x000000000011def0       0x20 binaries/lflinit.o
                                         0x38 (size before relaxing)
 .eh_frame      0x000000000011df10       0x20 binaries/lflputc.o
                                         0x38 (size before relaxing)
 .eh_frame      0x000000000011df30       0x20 binaries/lflread.o
                                         0x38 (size before relaxing)
 .eh_frame      0x000000000011df50       0x20 binaries/lflseek.o
                                         0x38 (size before relaxing)
 .eh_frame      0x000000000011df70       0x20 binaries/lflwrite.o
                                         0x38 (size before relaxing)
 .eh_frame      0x000000000011df90       0x20 binaries/lfscheck.o
                                         0x38 (size before relaxing)
 .eh_frame      0x000000000011dfb0       0x20 binaries/lfsckfmt.o
                                         0x38 (size before relaxing)
 .eh_frame      0x000000000011dfd0       0x20 binaries/lfscreate.o
                                         0x38 (size before relaxing)
 .eh_frame      0x000000000011dff0       0x20 binaries/lfsetup.o
                                         0x38 (size before relaxing)
 .eh_frame      0x000000000011e010       0x20 binaries/lfsinit.o
                                         0x38 (size before relaxing)
 .eh_frame      0x000000000011e030       0x20 binaries/lfsopen.o
                                         0x38 (size before relaxing)
 .eh_frame      0x000000000011e050       0x20 binaries/lftruncate.o
                                         0x38 (size before relaxing)
 .eh_frame      0x000000000011e070       0x20 binaries/rflclose.o
                                         0x38 (size before relaxing)
 .eh_frame      0x000000000011e090       0x20 binaries/rflgetc.o
                                         0x38 (size before relaxing)
 .eh_frame      0x000000000011e0b0       0x20 binaries/rflinit.o
                                         0x38 (size before relaxing)
 .eh_frame      0x000000000011e0d0       0x20 binaries/rflputc.o
                                         0x38 (size before relaxing)
 .eh_frame      0x000000000011e0f0       0x20 binaries/rflread.o
                                         0x38 (size before relaxing)
 .eh_frame      0x000000000011e110       0x20 binaries/rflseek.o
                                         0x38 (size before relaxing)
 .eh_frame      0x000000000011e130       0x20 binaries/rflwrite.o
                                         0x38 (size before relaxing)
 .eh_frame      0x000000000011e150       0x20 binaries/rfscomm.o
                                         0x38 (size before relaxing)
 .eh_frame      0x000000000011e170       0x20 binaries/rfscontrol.o
                                         0x38 (size before relaxing)
 .eh_frame      0x000000000011e190       0x20 binaries/rfsgetmode.o
                                         0x38 (size before relaxing)
 .eh_frame      0x000000000011e1b0       0x20 binaries/rfsinit.o
                                         0x38 (size before relaxing)
 .eh_frame      0x000000000011e1d0       0x20 binaries/rfsndmsg.o
                                         0x38 (size before relaxing)
 .eh_frame      0x000000000011e1f0       0x20 binaries/rfsopen.o
                                         0x38 (size before relaxing)
 .eh_frame      0x000000000011e210       0xc0 binaries/arp.o
                                         0xd8 (size before relaxing)
 .eh_frame      0x000000000011e2d0       0xa0 binaries/dhcp.o
                                         0xb8 (size before relaxing)
 .eh_frame      0x000000000011e370       0x80 binaries/dns.o
                                         0x98 (size before relaxing)
 .eh_frame      0x000000000011e3f0       0x20 binaries/dot2ip.o
                                         0x38 (size before relaxing)
 .eh_frame      0x000000000011e410       0x40 binaries/hexdump.o
                                         0x58 (size before relaxing)
 .eh_frame      0x000000000011e450      0x150 binaries/icmp.o
                                        0x168 (size before relaxing)
 .eh_frame      0x000000000011e5a0      0x11c binaries/ip.o
                                        0x134 (size before relaxing)
 .eh_frame      0x000000000011e6bc       0xa0 binaries/net.o
                                         0xb8 (size before relaxing)
 .eh_frame      0x000000000011e75c       0x60 binaries/pdump.o
                                         0x78 (size before relaxing)
 .eh_frame      0x000000000011e7bc       0x60 binaries/tftp.o
                                         0x78 (size before relaxing)
 .eh_frame      0x000000000011e81c      0x140 binaries/udp.o
                                        0x158 (size before relaxing)
 .eh_frame      0x000000000011e95c       0x20 binaries/addargs.o
                                         0x38 (size before relaxing)
 .eh_frame      0x000000000011e97c       0x20 binaries/lexan.o
                                         0x38 (size before relaxing)
 .eh_frame      0x000000000011e99c       0x20 binaries/shell.o
                                         0x38 (size before relaxing)
 .eh_frame      0x000000000011e9bc       0x20 binaries/xsh_argecho.o
                                         0x38 (size before relaxing)
 .eh_frame      0x000000000011e9dc       0x40 binaries/xsh_arp.o
                                         0x58 (size before relaxing)
 .eh_frame      0x000000000011ea1c       0x20 binaries/xsh_cat.o
                                         0x38 (size before relaxing)
 .eh_frame      0x000000000011ea3c       0x20 binaries/xsh_clear.o
                                         0x38 (size before relaxing)
 .eh_frame      0x000000000011ea5c       0x20 binaries/xsh_date.o
                                         0x38 (size before relaxing)
 .eh_frame      0x000000000011ea7c       0x20 binaries/xsh_devdump.o
                                         0x38 (size before relaxing)
 .eh_frame      0x000000000011ea9c       0x20 binaries/xsh_echo.o
                                         0x38 (size before relaxing)
 .eh_frame      0x000000000011eabc       0x20 binaries/xsh_exit.o
                                         0x38 (size before relaxing)
 .eh_frame      0x000000000011eadc       0x2c binaries/xsh_help.o
                                         0x44 (size before relaxing)
 .eh_frame      0x000000000011eb08       0x20 binaries/xsh_kill.o
                                         0x38 (size before relaxing)
 .eh_frame      0x000000000011eb28       0x2c binaries/xsh_ls.o
                                         0x44 (size before relaxing)
 .eh_frame      0x000000000011eb54       0x40 binaries/xsh_memdump.o
                                         0x58 (size before relaxing)
 .eh_frame      0x000000000011eb94       0x60 binaries/xsh_memstat.o
                                         0x78 (size before relaxing)
 .eh_frame      0x000000000011ebf4       0x30 binaries/xsh_netinfo.o
                                         0x48 (size before relaxing)
 .eh_frame      0x000000000011ec24       0x30 binaries/xsh_ns.o
                                         0x48 (size before relaxing)
 .eh_frame      0x000000000011ec54       0x28 binaries/xsh_ping.o
                                         0x40 (size before relaxing)
 .eh_frame      0x000000000011ec7c       0x30 binaries/xsh_ps.o
                                         0x48 (size before relaxing)
 .eh_frame      0x000000000011ecac       0x20 binaries/xsh_sleep.o
                                         0x38 (size before relaxing)
 .eh_frame      0x000000000011eccc       0x20 binaries/xsh_udpdump.o
                                         0x38 (size before relaxing)
 .eh_frame      0x000000000011ecec       0x30 binaries/xsh_udpecho.o
                                         0x48 (size before relaxing)
 .eh_frame      0x000000000011ed1c       0x28 binaries/xsh_udpserver.o
                                         0x40 (size before relaxing)
 .eh_frame      0x000000000011ed44       0x20 binaries/xsh_uptime.o
                                         0x38 (size before relaxing)

.iplt           0x000000000011ed64        0x0
 .iplt          0x000000000011ed64        0x0 binaries/start.o

.rel.dyn        0x000000000011ed64        0x0
 .rel.got       0x000000000011ed64        0x0 binaries/start.o
 .rel.iplt      0x000000000011ed64        0x0 binaries/start.o
 .rel.text      0x000000000011ed64        0x0 binaries/start.o

.data           0x000000000011ed80     0x1280
                0x000000000011ed80                data = ABSOLUTE (.)
 *(.data .data.*)
 .data          0x000000000011ed80      0x460 binaries/start.o
                0x000000000011ed80                gdt
                0x000000000011edc0                gdtr
                0x000000000011edc6                idt
                0x000000000011f1c6                idtr
                0x000000000011f1cc                cpudelay
                0x000000000011f1d0                _bootdev
                0x000000000011f1d4                _cyloffset
 .data          0x000000000011f1e0       0x88 binaries/ascdate.o
                0x000000000011f1e0                Date
 .data          0x000000000011f268        0x0 binaries/bufinit.o
 .data          0x000000000011f268        0x0 binaries/chprio.o
 .data          0x000000000011f268        0x4 binaries/clkhandler.o
 .data          0x000000000011f26c        0x0 binaries/clkinit.o
 .data          0x000000000011f26c        0x0 binaries/close.o
 *fill*         0x000000000011f26c       0x14 
 .data          0x000000000011f280      0x5a0 binaries/conf.o
                0x000000000011f280                devtab
 .data          0x000000000011f820        0x0 binaries/control.o
 .data          0x000000000011f820        0x4 binaries/create.o
 *fill*         0x000000000011f824       0x1c 
 .data          0x000000000011f840       0x40 binaries/evec.o
                0x000000000011f840                inames
 .data          0x000000000011f880        0x0 binaries/exit.o
 .data          0x000000000011f880        0x0 binaries/fork.o
 .data          0x000000000011f880        0x0 binaries/freebuf.o
 .data          0x000000000011f880        0x0 binaries/freemem.o
 .data          0x000000000011f880        0x0 binaries/getbuf.o
 .data          0x000000000011f880        0x0 binaries/getc.o
 .data          0x000000000011f880        0x0 binaries/getdev.o
 .data          0x000000000011f880        0x0 binaries/getitem.o
 .data          0x000000000011f880        0x0 binaries/getmem.o
 .data          0x000000000011f880        0x0 binaries/getpid.o
 .data          0x000000000011f880        0x0 binaries/getprio.o
 .data          0x000000000011f880        0x0 binaries/getstk.o
 .data          0x000000000011f880        0x0 binaries/getticks.o
 .data          0x000000000011f880        0x0 binaries/gettime.o
 .data          0x000000000011f880        0x0 binaries/getutime.o
 .data          0x000000000011f880       0x40 binaries/i386.o
                0x000000000011f880                gdt_copy
 .data          0x000000000011f8c0        0x0 binaries/init.o
 .data          0x000000000011f8c0        0x0 binaries/initialize.o
 .data          0x000000000011f8c0        0x0 binaries/insert.o
 .data          0x000000000011f8c0        0x0 binaries/insertd.o
 .data          0x000000000011f8c0        0x0 binaries/ioerr.o
 .data          0x000000000011f8c0        0x0 binaries/ionull.o
 .data          0x000000000011f8c0        0x0 binaries/kill.o
 .data          0x000000000011f8c0        0x0 binaries/kprintf.o
 .data          0x000000000011f8c0        0x0 binaries/main.o
 .data          0x000000000011f8c0        0x0 binaries/mark.o
 .data          0x000000000011f8c0        0x0 binaries/meminit.o
 .data          0x000000000011f8c0        0x0 binaries/mkbufpool.o
 .data          0x000000000011f8c0        0x2 binaries/newqueue.o
 .data          0x000000000011f8c2        0x0 binaries/open.o
 .data          0x000000000011f8c2        0x0 binaries/panic.o
 *fill*         0x000000000011f8c2        0x2 
 .data          0x000000000011f8c4       0x10 binaries/pci.o
 .data          0x000000000011f8d4        0x0 binaries/ptclear.o
 .data          0x000000000011f8d4        0x0 binaries/ptcount.o
 .data          0x000000000011f8d4        0x0 binaries/ptcreate.o
[...]
 .comment       0x0000000000000023       0x24 binaries/icmp.o
 .comment       0x0000000000000023       0x24 binaries/ip.o
 .comment       0x0000000000000023       0x24 binaries/net.o
 .comment       0x0000000000000023       0x24 binaries/pdump.o
 .comment       0x0000000000000023       0x24 binaries/tftp.o
 .comment       0x0000000000000023       0x24 binaries/udp.o
 .comment       0x0000000000000023       0x24 binaries/addargs.o
 .comment       0x0000000000000023       0x24 binaries/lexan.o
 .comment       0x0000000000000023       0x24 binaries/shell.o
 .comment       0x0000000000000023       0x24 binaries/xsh_argecho.o
 .comment       0x0000000000000023       0x24 binaries/xsh_arp.o
 .comment       0x0000000000000023       0x24 binaries/xsh_cat.o
 .comment       0x0000000000000023       0x24 binaries/xsh_clear.o
 .comment       0x0000000000000023       0x24 binaries/xsh_date.o
 .comment       0x0000000000000023       0x24 binaries/xsh_devdump.o
 .comment       0x0000000000000023       0x24 binaries/xsh_echo.o
 .comment       0x0000000000000023       0x24 binaries/xsh_exit.o
 .comment       0x0000000000000023       0x24 binaries/xsh_help.o
 .comment       0x0000000000000023       0x24 binaries/xsh_kill.o
 .comment       0x0000000000000023       0x24 binaries/xsh_ls.o
 .comment       0x0000000000000023       0x24 binaries/xsh_memdump.o
 .comment       0x0000000000000023       0x24 binaries/xsh_memstat.o
 .comment       0x0000000000000023       0x24 binaries/xsh_netinfo.o
 .comment       0x0000000000000023       0x24 binaries/xsh_ns.o
 .comment       0x0000000000000023       0x24 binaries/xsh_ping.o
 .comment       0x0000000000000023       0x24 binaries/xsh_ps.o
 .comment       0x0000000000000023       0x24 binaries/xsh_sleep.o
 .comment       0x0000000000000023       0x24 binaries/xsh_udpdump.o
 .comment       0x0000000000000023       0x24 binaries/xsh_udpecho.o
 .comment       0x0000000000000023       0x24 binaries/xsh_udpserver.o
 .comment       0x0000000000000023       0x24 binaries/xsh_uptime.o

.note.GNU-stack
                0x0000000000000000        0x0
 .note.GNU-stack
                0x0000000000000000        0x0 binaries/ascdate.o
 .note.GNU-stack
                0x0000000000000000        0x0 binaries/bufinit.o
 .note.GNU-stack
                0x0000000000000000        0x0 binaries/chprio.o
 .note.GNU-stack
                0x0000000000000000        0x0 binaries/clkhandler.o
 .note.GNU-stack
                0x0000000000000000        0x0 binaries/clkinit.o
 .note.GNU-stack
                0x0000000000000000        0x0 binaries/close.o
 .note.GNU-stack
                0x0000000000000000        0x0 binaries/conf.o
 .note.GNU-stack
                0x0000000000000000        0x0 binaries/control.o
 .note.GNU-stack
                0x0000000000000000        0x0 binaries/create.o
 .note.GNU-stack
                0x0000000000000000        0x0 binaries/evec.o
 .note.GNU-stack
                0x0000000000000000        0x0 binaries/exit.o
 .note.GNU-stack
                0x0000000000000000        0x0 binaries/fork.o
 .note.GNU-stack
                0x0000000000000000        0x0 binaries/freebuf.o
 .note.GNU-stack
                0x0000000000000000        0x0 binaries/freemem.o
 .note.GNU-stack
                0x0000000000000000        0x0 binaries/getbuf.o
 .note.GNU-stack
                0x0000000000000000        0x0 binaries/getc.o
 .note.GNU-stack
                0x0000000000000000        0x0 binaries/getdev.o
 .note.GNU-stack
                0x0000000000000000        0x0 binaries/getitem.o
 .note.GNU-stack
                0x0000000000000000        0x0 binaries/getmem.o
 .note.GNU-stack
                0x0000000000000000        0x0 binaries/getpid.o
 .note.GNU-stack
                0x0000000000000000        0x0 binaries/getprio.o
 .note.GNU-stack
                0x0000000000000000        0x0 binaries/getstk.o
 .note.GNU-stack
                0x0000000000000000        0x0 binaries/getticks.o
 .note.GNU-stack
                0x0000000000000000        0x0 binaries/gettime.o
 .note.GNU-stack
                0x0000000000000000        0x0 binaries/getutime.o
 .note.GNU-stack
                0x0000000000000000        0x0 binaries/i386.o
 .note.GNU-stack
                0x0000000000000000        0x0 binaries/init.o
 .note.GNU-stack
                0x0000000000000000        0x0 binaries/initialize.o
 .note.GNU-stack
                0x0000000000000000        0x0 binaries/insert.o
 .note.GNU-stack
                0x0000000000000000        0x0 binaries/insertd.o
 .note.GNU-stack
                0x0000000000000000        0x0 binaries/ioerr.o
 .note.GNU-stack
                0x0000000000000000        0x0 binaries/ionull.o
 .note.GNU-stack
                0x0000000000000000        0x0 binaries/kill.o
 .note.GNU-stack
                0x0000000000000000        0x0 binaries/kprintf.o
 .note.GNU-stack
                0x0000000000000000        0x0 binaries/main.o
 .note.GNU-stack
                0x0000000000000000        0x0 binaries/mark.o
 .note.GNU-stack
                0x0000000000000000        0x0 binaries/meminit.o
 .note.GNU-stack
                0x0000000000000000        0x0 binaries/mkbufpool.o
 .note.GNU-stack
                0x0000000000000000        0x0 binaries/newqueue.o
 .note.GNU-stack
                0x0000000000000000        0x0 binaries/open.o
 .note.GNU-stack
                0x0000000000000000        0x0 binaries/panic.o
 .note.GNU-stack
                0x0000000000000000        0x0 binaries/pci.o
 .note.GNU-stack
                0x0000000000000000        0x0 binaries/ptclear.o
 .note.GNU-stack
                0x0000000000000000        0x0 binaries/ptcount.o
 .note.GNU-stack
                0x0000000000000000        0x0 binaries/ptcreate.o
 .note.GNU-stack
                0x0000000000000000        0x0 binaries/ptdelete.o
 .note.GNU-stack
                0x0000000000000000        0x0 binaries/ptinit.o
 .note.GNU-stack
                0x0000000000000000        0x0 binaries/ptrecv.o
 .note.GNU-stack
                0x0000000000000000        0x0 binaries/ptreset.o
 .note.GNU-stack
                0x0000000000000000        0x0 binaries/ptsend.o
 .note.GNU-stack
                0x0000000000000000        0x0 binaries/putc.o
 .note.GNU-stack
                0x0000000000000000        0x0 binaries/queue.o
 .note.GNU-stack
                0x0000000000000000        0x0 binaries/read.o
 .note.GNU-stack
                0x0000000000000000        0x0 binaries/ready.o
 .note.GNU-stack
                0x0000000000000000        0x0 binaries/receive.o
 .note.GNU-stack
                0x0000000000000000        0x0 binaries/recvclr.o
 .note.GNU-stack
                0x0000000000000000        0x0 binaries/recvtime.o
 .note.GNU-stack
                0x0000000000000000        0x0 binaries/resched.o
 .note.GNU-stack
                0x0000000000000000        0x0 binaries/resume.o
 .note.GNU-stack
                0x0000000000000000        0x0 binaries/seek.o
 .note.GNU-stack
                0x0000000000000000        0x0 binaries/semcount.o
 .note.GNU-stack
                0x0000000000000000        0x0 binaries/semcreate.o
 .note.GNU-stack
                0x0000000000000000        0x0 binaries/semdelete.o
 .note.GNU-stack
                0x0000000000000000        0x0 binaries/semreset.o
 .note.GNU-stack
                0x0000000000000000        0x0 binaries/send.o
 .note.GNU-stack
                0x0000000000000000        0x0 binaries/signal.o
 .note.GNU-stack
                0x0000000000000000        0x0 binaries/signaln.o
 .note.GNU-stack
                0x0000000000000000        0x0 binaries/sleep.o
 .note.GNU-stack
                0x0000000000000000        0x0 binaries/stacktrace.o
 .note.GNU-stack
                0x0000000000000000        0x0 binaries/suspend.o
 .note.GNU-stack
                0x0000000000000000        0x0 binaries/unsleep.o
 .note.GNU-stack
                0x0000000000000000        0x0 binaries/userret.o
 .note.GNU-stack
                0x0000000000000000        0x0 binaries/wait.o
 .note.GNU-stack
                0x0000000000000000        0x0 binaries/wakeup.o
 .note.GNU-stack
                0x0000000000000000        0x0 binaries/write.o
 .note.GNU-stack
                0x0000000000000000        0x0 binaries/xdone.o
 .note.GNU-stack
                0x0000000000000000        0x0 binaries/yield.o
 .note.GNU-stack
                0x0000000000000000        0x0 binaries/abs.o
 .note.GNU-stack
                0x0000000000000000        0x0 binaries/atoi.o
 .note.GNU-stack
                0x0000000000000000        0x0 binaries/atol.o
 .note.GNU-stack
                0x0000000000000000        0x0 binaries/bzero.o
 .note.GNU-stack
                0x0000000000000000        0x0 binaries/ctype_.o
 .note.GNU-stack
                0x0000000000000000        0x0 binaries/doprnt.o
 .note.GNU-stack
                0x0000000000000000        0x0 binaries/doscan.o
 .note.GNU-stack
                0x0000000000000000        0x0 binaries/fdoprnt.o
 .note.GNU-stack
                0x0000000000000000        0x0 binaries/fgetc.o
 .note.GNU-stack
                0x0000000000000000        0x0 binaries/fgets.o
 .note.GNU-stack
                0x0000000000000000        0x0 binaries/fprintf.o
 .note.GNU-stack
                0x0000000000000000        0x0 binaries/fputc.o
 .note.GNU-stack
                0x0000000000000000        0x0 binaries/fputs.o
 .note.GNU-stack
                0x0000000000000000        0x0 binaries/fscanf.o
 .note.GNU-stack
                0x0000000000000000        0x0 binaries/getchar.o
 .note.GNU-stack
                0x0000000000000000        0x0 binaries/labs.o
 .note.GNU-stack
                0x0000000000000000        0x0 binaries/memcmp.o
 .note.GNU-stack
                0x0000000000000000        0x0 binaries/memcpy.o
 .note.GNU-stack
                0x0000000000000000        0x0 binaries/memset.o
 .note.GNU-stack
                0x0000000000000000        0x0 binaries/printf.o
 .note.GNU-stack
                0x0000000000000000        0x0 binaries/putchar.o
 .note.GNU-stack
                0x0000000000000000        0x0 binaries/qsort.o
 .note.GNU-stack
                0x0000000000000000        0x0 binaries/rand.o
 .note.GNU-stack
                0x0000000000000000        0x0 binaries/sprintf.o
 .note.GNU-stack
                0x0000000000000000        0x0 binaries/sscanf.o
 .note.GNU-stack
                0x0000000000000000        0x0 binaries/strchr.o
 .note.GNU-stack
                0x0000000000000000        0x0 binaries/strcmp.o
 .note.GNU-stack
                0x0000000000000000        0x0 binaries/strcpy.o
 .note.GNU-stack
                0x0000000000000000        0x0 binaries/strlen.o
 .note.GNU-stack
                0x0000000000000000        0x0 binaries/strncat.o
 .note.GNU-stack
                0x0000000000000000        0x0 binaries/strncmp.o
 .note.GNU-stack
                0x0000000000000000        0x0 binaries/strncpy.o
 .note.GNU-stack
                0x0000000000000000        0x0 binaries/strnlen.o
 .note.GNU-stack
                0x0000000000000000        0x0 binaries/strrchr.o
 .note.GNU-stack
                0x0000000000000000        0x0 binaries/strstr.o
 .note.GNU-stack
                0x0000000000000000        0x0 binaries/ttycontrol.o
 .note.GNU-stack
                0x0000000000000000        0x0 binaries/ttygetc.o
 .note.GNU-stack
                0x0000000000000000        0x0 binaries/ttyhandle_in.o
 .note.GNU-stack
                0x0000000000000000        0x0 binaries/ttyhandle_out.o
 .note.GNU-stack
                0x0000000000000000        0x0 binaries/ttyhandler.o
 .note.GNU-stack
                0x0000000000000000        0x0 binaries/ttyinit.o
 .note.GNU-stack
                0x0000000000000000        0x0 binaries/ttykickout.o
 .note.GNU-stack
                0x0000000000000000        0x0 binaries/ttyputc.o
 .note.GNU-stack
                0x0000000000000000        0x0 binaries/ttyread.o
 .note.GNU-stack
                0x0000000000000000        0x0 binaries/ttywrite.o
 .note.GNU-stack
                0x0000000000000000        0x0 binaries/mount.o
 .note.GNU-stack
                0x0000000000000000        0x0 binaries/naminit.o
 .note.GNU-stack
                0x0000000000000000        0x0 binaries/nammap.o
 .note.GNU-stack
                0x0000000000000000        0x0 binaries/namopen.o
 .note.GNU-stack
                0x0000000000000000        0x0 binaries/82545EMInit.o
 .note.GNU-stack
                0x0000000000000000        0x0 binaries/ethcontrol.o
 .note.GNU-stack
                0x0000000000000000        0x0 binaries/ethhandler.o
 .note.GNU-stack
                0x0000000000000000        0x0 binaries/ethinit.o
 .note.GNU-stack
                0x0000000000000000        0x0 binaries/ethread.o
 .note.GNU-stack
                0x0000000000000000        0x0 binaries/ethwrite.o
 .note.GNU-stack
                0x0000000000000000        0x0 binaries/rdscomm.o
 .note.GNU-stack
                0x0000000000000000        0x0 binaries/rdscontrol.o
 .note.GNU-stack
                0x0000000000000000        0x0 binaries/rdsinit.o
 .note.GNU-stack
                0x0000000000000000        0x0 binaries/rdsopen.o
 .note.GNU-stack
                0x0000000000000000        0x0 binaries/rdsprocess.o
 .note.GNU-stack
                0x0000000000000000        0x0 binaries/rdsqfcns.o
 .note.GNU-stack
                0x0000000000000000        0x0 binaries/rdsread.o
 .note.GNU-stack
                0x0000000000000000        0x0 binaries/rdssetprio.o
 .note.GNU-stack
                0x0000000000000000        0x0 binaries/rdswrite.o
 .note.GNU-stack
                0x0000000000000000        0x0 binaries/ramclose.o
 .note.GNU-stack
                0x0000000000000000        0x0 binaries/raminit.o
 .note.GNU-stack
                0x0000000000000000        0x0 binaries/ramopen.o
 .note.GNU-stack
                0x0000000000000000        0x0 binaries/ramread.o
 .note.GNU-stack
                0x0000000000000000        0x0 binaries/ramwrite.o
 .note.GNU-stack
                0x0000000000000000        0x0 binaries/lfdballoc.o
 .note.GNU-stack
                0x0000000000000000        0x0 binaries/lfdbfree.o
 .note.GNU-stack
                0x0000000000000000        0x0 binaries/lfflush.o
 .note.GNU-stack
                0x0000000000000000        0x0 binaries/lfgetmode.o
 .note.GNU-stack
                0x0000000000000000        0x0 binaries/lfiballoc.o
 .note.GNU-stack
                0x0000000000000000        0x0 binaries/lfibclear.o
 .note.GNU-stack
                0x0000000000000000        0x0 binaries/lfibget.o
 .note.GNU-stack
                0x0000000000000000        0x0 binaries/lfibput.o
 .note.GNU-stack
                0x0000000000000000        0x0 binaries/lflclose.o
 .note.GNU-stack
                0x0000000000000000        0x0 binaries/lflcontrol.o
 .note.GNU-stack
                0x0000000000000000        0x0 binaries/lflgetc.o
 .note.GNU-stack
                0x0000000000000000        0x0 binaries/lflinit.o
 .note.GNU-stack
                0x0000000000000000        0x0 binaries/lflputc.o
 .note.GNU-stack
                0x0000000000000000        0x0 binaries/lflread.o
 .note.GNU-stack
                0x0000000000000000        0x0 binaries/lflseek.o
 .note.GNU-stack
                0x0000000000000000        0x0 binaries/lflwrite.o
 .note.GNU-stack
                0x0000000000000000        0x0 binaries/lfscheck.o
 .note.GNU-stack
                0x0000000000000000        0x0 binaries/lfsckfmt.o
 .note.GNU-stack
                0x0000000000000000        0x0 binaries/lfscreate.o
 .note.GNU-stack
                0x0000000000000000        0x0 binaries/lfsetup.o
 .note.GNU-stack
                0x0000000000000000        0x0 binaries/lfsinit.o
 .note.GNU-stack
                0x0000000000000000        0x0 binaries/lfsopen.o
 .note.GNU-stack
                0x0000000000000000        0x0 binaries/lftruncate.o
 .note.GNU-stack
                0x0000000000000000        0x0 binaries/rflclose.o
 .note.GNU-stack
                0x0000000000000000        0x0 binaries/rflgetc.o
 .note.GNU-stack
                0x0000000000000000        0x0 binaries/rflinit.o
 .note.GNU-stack
                0x0000000000000000        0x0 binaries/rflputc.o
 .note.GNU-stack
                0x0000000000000000        0x0 binaries/rflread.o
 .note.GNU-stack
                0x0000000000000000        0x0 binaries/rflseek.o
 .note.GNU-stack
                0x0000000000000000        0x0 binaries/rflwrite.o
 .note.GNU-stack
                0x0000000000000000        0x0 binaries/rfscomm.o
 .note.GNU-stack
                0x0000000000000000        0x0 binaries/rfscontrol.o
 .note.GNU-stack
                0x0000000000000000        0x0 binaries/rfsgetmode.o
 .note.GNU-stack
                0x0000000000000000        0x0 binaries/rfsinit.o
 .note.GNU-stack
                0x0000000000000000        0x0 binaries/rfsndmsg.o
 .note.GNU-stack
                0x0000000000000000        0x0 binaries/rfsopen.o
 .note.GNU-stack
                0x0000000000000000        0x0 binaries/arp.o
 .note.GNU-stack
                0x0000000000000000        0x0 binaries/dhcp.o
 .note.GNU-stack
                0x0000000000000000        0x0 binaries/dns.o
 .note.GNU-stack
                0x0000000000000000        0x0 binaries/dot2ip.o
 .note.GNU-stack
                0x0000000000000000        0x0 binaries/hexdump.o
 .note.GNU-stack
                0x0000000000000000        0x0 binaries/icmp.o
 .note.GNU-stack
                0x0000000000000000        0x0 binaries/ip.o
 .note.GNU-stack
                0x0000000000000000        0x0 binaries/net.o
 .note.GNU-stack
                0x0000000000000000        0x0 binaries/pdump.o
 .note.GNU-stack
                0x0000000000000000        0x0 binaries/tftp.o
 .note.GNU-stack
                0x0000000000000000        0x0 binaries/udp.o
 .note.GNU-stack
                0x0000000000000000        0x0 binaries/addargs.o
 .note.GNU-stack
                0x0000000000000000        0x0 binaries/lexan.o
 .note.GNU-stack
                0x0000000000000000        0x0 binaries/shell.o
 .note.GNU-stack
                0x0000000000000000        0x0 binaries/xsh_argecho.o
 .note.GNU-stack
                0x0000000000000000        0x0 binaries/xsh_arp.o
 .note.GNU-stack
                0x0000000000000000        0x0 binaries/xsh_cat.o
 .note.GNU-stack
                0x0000000000000000        0x0 binaries/xsh_clear.o
 .note.GNU-stack
                0x0000000000000000        0x0 binaries/xsh_date.o
 .note.GNU-stack
                0x0000000000000000        0x0 binaries/xsh_devdump.o
 .note.GNU-stack
                0x0000000000000000        0x0 binaries/xsh_echo.o
 .note.GNU-stack
                0x0000000000000000        0x0 binaries/xsh_exit.o
 .note.GNU-stack
                0x0000000000000000        0x0 binaries/xsh_help.o
 .note.GNU-stack
                0x0000000000000000        0x0 binaries/xsh_kill.o
 .note.GNU-stack
                0x0000000000000000        0x0 binaries/xsh_ls.o
 .note.GNU-stack
                0x0000000000000000        0x0 binaries/xsh_memdump.o
 .note.GNU-stack
                0x0000000000000000        0x0 binaries/xsh_memstat.o
 .note.GNU-stack
                0x0000000000000000        0x0 binaries/xsh_netinfo.o
 .note.GNU-stack
                0x0000000000000000        0x0 binaries/xsh_ns.o
 .note.GNU-stack
                0x0000000000000000        0x0 binaries/xsh_ping.o
 .note.GNU-stack
                0x0000000000000000        0x0 binaries/xsh_ps.o
 .note.GNU-stack
                0x0000000000000000        0x0 binaries/xsh_sleep.o
 .note.GNU-stack
                0x0000000000000000        0x0 binaries/xsh_udpdump.o
 .note.GNU-stack
                0x0000000000000000        0x0 binaries/xsh_udpecho.o
 .note.GNU-stack
                0x0000000000000000        0x0 binaries/xsh_udpserver.o
 .note.GNU-stack
                0x0000000000000000        0x0 binaries/xsh_uptime.o
